// Vitest Snapshot v1, https://vitest.dev/guide/snapshot.html

exports[`buildOverview — regressão do modo legado (sem config) > snapshot dos números nativos + asserts explícitos 1`] = `
{
  "cards": [
    {
      "displayOrder": 0,
      "displayValue": "4",
      "id": "totalLeads",
      "key": "totalLeads",
      "label": "Total de Leads",
      "metricKey": "totalLeads",
      "progressPercent": null,
      "rawValue": 4,
      "source": "crm",
      "target": null,
      "trend": {
        "percent": null,
        "positive": true,
      },
      "unit": "count",
    },
    {
      "displayOrder": 1,
      "displayValue": "1",
      "id": "vendas",
      "key": "vendas",
      "label": "Vendas",
      "metricKey": "vendas",
      "progressPercent": null,
      "rawValue": 1,
      "source": "crm",
      "target": null,
      "trend": {
        "percent": null,
        "positive": true,
      },
      "unit": "count",
    },
    {
      "displayOrder": 2,
      "displayValue": "R$ 650.000",
      "id": "valorVendas",
      "key": "valorVendas",
      "label": "Valor em Vendas",
      "metricKey": "valorVendas",
      "progressPercent": null,
      "rawValue": 650000,
      "source": "crm",
      "target": null,
      "trend": {
        "percent": null,
        "positive": true,
      },
      "unit": "count",
    },
    {
      "displayOrder": 3,
      "displayValue": "7",
      "id": "imoveisAtivos",
      "key": "imoveisAtivos",
      "label": "Imóveis Ativos",
      "metricKey": "imoveisAtivos",
      "progressPercent": null,
      "rawValue": 7,
      "source": "crm",
      "target": null,
      "trend": null,
      "unit": "count",
    },
    {
      "displayOrder": 4,
      "displayValue": "32min",
      "id": "tempoMedioResposta",
      "key": "tempoMedioResposta",
      "label": "Tempo Médio de Resposta",
      "metricKey": "tempoMedioResposta",
      "progressPercent": null,
      "rawValue": 31.666666666666668,
      "source": "crm",
      "target": null,
      "trend": {
        "percent": null,
        "positive": false,
      },
      "unit": "count",
    },
    {
      "displayOrder": 5,
      "displayValue": "75.0%",
      "id": "taxaAtendimento",
      "key": "taxaAtendimento",
      "label": "Taxa de Atendimento",
      "metricKey": "taxaAtendimento",
      "progressPercent": null,
      "rawValue": 75,
      "source": "crm",
      "target": null,
      "trend": {
        "percent": null,
        "positive": true,
      },
      "unit": "count",
    },
  ],
  "commercial": [
    {
      "currentDisplay": "R$ 1.000",
      "currentLabel": "Junho/2026",
      "currentValue": 1000,
      "key": "vgv",
      "label": "VGV",
      "previousDisplay": "R$ 800",
      "previousLabel": "Maio/2026",
      "previousValue": 800,
      "trend": {
        "percent": 25,
        "positive": true,
      },
    },
    {
      "currentDisplay": "R$ 30",
      "currentLabel": "Junho/2026",
      "currentValue": 30,
      "key": "vgc",
      "label": "VGC",
      "previousDisplay": "R$ 24",
      "previousLabel": "Maio/2026",
      "previousValue": 24,
      "trend": {
        "percent": 25,
        "positive": true,
      },
    },
  ],
  "funnel": {
    "overallConversion": 100,
    "stages": [
      {
        "conversionFromPrevious": null,
        "count": 1,
        "label": "Novos Leads",
        "percentOfTotal": 25,
      },
      {
        "conversionFromPrevious": 0,
        "count": 0,
        "label": "Em Atendimento",
        "percentOfTotal": 0,
      },
      {
        "conversionFromPrevious": null,
        "count": 1,
        "label": "Visita",
        "percentOfTotal": 25,
      },
      {
        "conversionFromPrevious": 100,
        "count": 1,
        "label": "Proposta",
        "percentOfTotal": 25,
      },
      {
        "conversionFromPrevious": 100,
        "count": 1,
        "label": "Fechamento",
        "percentOfTotal": 25,
      },
    ],
  },
  "goals": [],
  "period": {
    "endDate": "2026-06-30",
    "label": "Junho/2026",
    "startDate": "2026-06-01",
  },
  "priceRanges": [
    {
      "faixa": "Até R$ 500 mil",
      "quantidade": 0,
    },
    {
      "faixa": "R$ 500 mil – 1 mi",
      "quantidade": 1,
    },
    {
      "faixa": "Acima de R$ 1 mi",
      "quantidade": 0,
    },
  ],
  "sources": [
    {
      "fonte": "Indicação",
      "quantidade": 1,
      "valor": 650000,
    },
  ],
}
`;
